!root:
(any):TENmanUFactOryPOWER
1500: and 2000 Series
1500:and 2000 Series
1nstaller:5X2000
:
:1234
:ADTRAN
:BRIDGE
:NetICs
:PASSWORD
:Password
:admin
:adminttd
:adtran
:ascend
:atc123
:backdoor
:cisco
:conceptronic2008
:netadmin
:password
:pento
:private
:public
:root
:secret
:secure
:telos
:zebra
ADMN:admn
Administrator:
Administrator:admin
D-Link:D-Link
GEN1:gen1
GEN2:gen2
Manager:
Manager:Manager
SSH : HTTP
Telnet:root
User:
adm:
admin:
admin:1234
admin:TANDBERG
admin:admin
admin:blank
admin:default
admin:hello
admin:password
admin:switch
anonymous:password
apc:apc
bbsd-client:NULL
bbsd-client:changeme2
cablecom:router
ccrusr:ccrusr
cli:Eri#css$oN@2
corecess:corecess
debug:d.e.b.u.g
debug:synnet
diag:switch
disttech:4tas
disttech:etas
echo:echo
guest:guest
installer:installer
installer:sx2000
login:admin
login:password
maint1:sx2000
maint2:sx2000
manager:friend
manager:manager
mlusr:mlusr
monitor:monitor
netopia:netopia
operator:
recovery:recovery
root:
root:1234
root:Last 6 characters (chars uppercased) from MAC Address
root:NetC0mmV3oo
root:QNX
root:admin
root:admin_1
root:default
root:gnomes
root:pass
root:root
root:rootme
root:tini
s1stem:5X2000
security:security
service:smile
super:super
super:surt
superuser:
superuser:123456
superuser:admin
superuser:asante
support:support
sysadm:anicust
sysadm:sysadm
system:sx2000
target:password
tech:
tech:tech
telnet:root
trmcnfg:trmcnfg
write:private
